#
# There is insufficient memory for the Java Runtime Environment to continue.
# Native memory allocation (malloc) failed to allocate 32784 bytes. Error detail: Chunk::new
# Possible reasons:
#   The system is out of physical RAM or swap space
#   This process is running with CompressedOops enabled, and the Java Heap may be blocking the growth of the native heap
# Possible solutions:
#   Reduce memory load on the system
#   Increase physical memory or swap space
#   Check if swap backing store is full
#   Decrease Java heap size (-Xmx/-Xms)
#   Decrease number of Java threads
#   Decrease Java thread stack sizes (-Xss)
#   Set larger code cache with -XX:ReservedCodeCacheSize=
#   JVM is running with Unscaled Compressed Oops mode in which the Java heap is
#     placed in the first 4GB address space. The Java Heap base address is the
#     maximum limit for the native heap growth. Please use -XX:HeapBaseMinAddress
#     to set the Java Heap base and to place the Java Heap above 4GB virtual address.
# This output file may be truncated or incomplete.
#
#  Out of Memory Error (arena.cpp:168), pid=12292, tid=10176
#
# JRE version: OpenJDK Runtime Environment JBR-21.0.4+13-509.17-jcef (21.0.4+13) (build 21.0.4+13-b509.17)
# Java VM: OpenJDK 64-Bit Server VM JBR-21.0.4+13-509.17-jcef (21.0.4+13-b509.17, mixed mode, tiered, compressed oops, compressed class ptrs, g1 gc, windows-amd64)
# No core dump will be written. Minidumps are not enabled by default on client versions of Windows
#

---------------  S U M M A R Y ------------

Command Line: -Djava.rmi.server.hostname=127.0.0.1 -Duser.timezone=UTC -Xmx2048m -Xms128m -Djdbc.classpath=C:\Users\KirH\AppData\Local\Temp\RemoteDriver2.classpath.txt --add-exports=java.desktop/sun.awt=ALL-UNNAMED --add-exports=java.desktop/java.awt.peer=ALL-UNNAMED --add-opens=java.desktop/java.awt=ALL-UNNAMED --add-opens=jdk.unsupported/sun.misc=ALL-UNNAMED --add-opens=java.base/java.nio=ALL-UNNAMED --add-opens=java.base/java.util=ALL-UNNAMED -Dfile.encoding=UTF-8 -Dsun.stdout.encoding=UTF-8 -Dsun.stderr.encoding=UTF-8 com.intellij.database.remote.RemoteJdbcServer com.mysql.cj.jdbc.Driver

Host: Intel(R) Core(TM) i7-10510U CPU @ 1.80GHz, 8 cores, 15G,  Windows 11 , 64 bit Build 26100 (10.0.26100.3775)
Time: Fri Apr 11 14:30:48 2025 RTZ 2 (s 11 , 64 bit Build 26100 (10.0.26100.3775) elapsed time: 12445.851035 seconds (0d 3h 27m 25s)

---------------  T H R E A D  ---------------

Current thread (0x0000018fa00c8d40):  JavaThread "C2 CompilerThread0" daemon [_thread_in_native, id=10176, stack(0x000000325fd00000,0x000000325fe00000) (1024K)]


Current CompileTask:
C2:12445851 3629       4       sun.rmi.transport.StreamRemoteCall::getOutputStream (39 bytes)

Stack: [0x000000325fd00000,0x000000325fe00000]
Native frames: (J=compiled Java code, j=interpreted, Vv=VM code, C=native code)
V  [jvm.dll+0x6e36d9]
V  [jvm.dll+0x8c0bd3]
V  [jvm.dll+0x8c312e]
V  [jvm.dll+0x8c3813]
V  [jvm.dll+0x288256]
V  [jvm.dll+0xc613d]
V  [jvm.dll+0xc6673]
V  [jvm.dll+0x70a3f4]
V  [jvm.dll+0x70abc8]
V  [jvm.dll+0x70cc8f]
V  [jvm.dll+0x3a3c78]
V  [jvm.dll+0x1372a6]
V  [jvm.dll+0x139089]
V  [jvm.dll+0x39e9fc]
V  [jvm.dll+0x7007c4]
V  [jvm.dll+0x70047b]
V  [jvm.dll+0x6fb94d]
V  [jvm.dll+0x6f5d0b]
V  [jvm.dll+0x6f5342]
V  [jvm.dll+0x6f350c]
V  [jvm.dll+0x1d058c]
V  [jvm.dll+0x1d113a]
V  [jvm.dll+0x2fcc84]
V  [jvm.dll+0x6fdac6]
V  [jvm.dll+0x6f5d0b]
V  [jvm.dll+0x6f5342]
V  [jvm.dll+0x6f350c]
V  [jvm.dll+0x1d058c]
V  [jvm.dll+0x1d113a]
V  [jvm.dll+0x2fcc84]
V  [jvm.dll+0x6fdac6]
V  [jvm.dll+0x6f5d0b]
V  [jvm.dll+0x6f5342]
V  [jvm.dll+0x6f350c]
V  [jvm.dll+0x1d058c]
V  [jvm.dll+0x1d113a]
V  [jvm.dll+0x2fcc84]
V  [jvm.dll+0x6fdac6]
V  [jvm.dll+0x6f5d0b]
V  [jvm.dll+0x6f5342]
V  [jvm.dll+0x6f350c]
V  [jvm.dll+0x1d058c]
V  [jvm.dll+0x1d113a]
V  [jvm.dll+0x2fcc84]
V  [jvm.dll+0x6fdac6]
V  [jvm.dll+0x6f5d0b]
V  [jvm.dll+0x6f5342]
V  [jvm.dll+0x6f350c]
V  [jvm.dll+0x1d058c]
V  [jvm.dll+0x1d113a]
V  [jvm.dll+0x2fcc84]
V  [jvm.dll+0x6fdac6]
V  [jvm.dll+0x6f5d0b]
V  [jvm.dll+0x6f5342]
V  [jvm.dll+0x6f350c]
V  [jvm.dll+0x1d058c]
V  [jvm.dll+0x1d113a]
V  [jvm.dll+0x1d113a]
V  [jvm.dll+0x2fcc84]
V  [jvm.dll+0x6fdac6]
V  [jvm.dll+0x6f5d0b]
V  [jvm.dll+0x6f5342]
V  [jvm.dll+0x6f350c]
V  [jvm.dll+0x1d058c]
V  [jvm.dll+0x1d113a]
V  [jvm.dll+0x2fcc84]
V  [jvm.dll+0x6fdac6]
V  [jvm.dll+0x6f5d0b]
V  [jvm.dll+0x6f5342]
V  [jvm.dll+0x6f350c]
V  [jvm.dll+0x1d058c]
V  [jvm.dll+0x1d113a]
V  [jvm.dll+0x2fcc84]
V  [jvm.dll+0x6fdac6]
V  [jvm.dll+0x6f5d0b]
V  [jvm.dll+0x6f5342]
V  [jvm.dll+0x6f350c]
V  [jvm.dll+0x1d058c]
V  [jvm.dll+0x2fcc84]
V  [jvm.dll+0x6fdac6]
V  [jvm.dll+0x6f5d0b]
V  [jvm.dll+0x6f5342]
V  [jvm.dll+0x6f350c]
V  [jvm.dll+0x1d058c]
V  [jvm.dll+0x2fcc84]
V  [jvm.dll+0x6fdac6]
V  [jvm.dll+0x6f5d0b]
V  [jvm.dll+0x6f5342]
V  [jvm.dll+0x6f350c]
V  [jvm.dll+0x1d058c]
V  [jvm.dll+0x2fcc84]
V  [jvm.dll+0x6fdac6]
V  [jvm.dll+0x6f5d0b]
V  [jvm.dll+0x6f5342]
V  [jvm.dll+0x6f350c]
V  [jvm.dll+0x1d058c]
V  [jvm.dll+0x2fcc84]
V  [jvm.dll+0x6fdac6]
V  [jvm.dll+0x6f5d0b]
...<more frames>...


---------------  P R O C E S S  ---------------

Threads class SMR info:
_java_thread_list=0x0000018fa02f4c70, length=20, elements={
0x0000018f85874f50, 0x0000018fa0097a50, 0x0000018fa009a4c0, 0x0000018fa009fe70,
0x0000018fa00a28e0, 0x0000018fa00a3340, 0x0000018fa00c6570, 0x0000018fa00c8d40,
0x0000018fa00d4580, 0x0000018fa02611b0, 0x0000018fa026e340, 0x0000018fa0b62d60,
0x0000018fa08b5d10, 0x0000018fa0a53380, 0x0000018fa0a827a0, 0x0000018fa09747a0,
0x0000018fa07e9c10, 0x0000018fa0b3c780, 0x0000018fa0b3f4e0, 0x0000018fa0b40200
}

Java Threads: ( => current thread )
  0x0000018f85874f50 JavaThread "main"                              [_thread_blocked, id=4668, stack(0x000000325ef00000,0x000000325f000000) (1024K)]
  0x0000018fa0097a50 JavaThread "Reference Handler"          daemon [_thread_blocked, id=14428, stack(0x000000325f700000,0x000000325f800000) (1024K)]
  0x0000018fa009a4c0 JavaThread "Finalizer"                  daemon [_thread_blocked, id=13896, stack(0x000000325f800000,0x000000325f900000) (1024K)]
  0x0000018fa009fe70 JavaThread "Signal Dispatcher"          daemon [_thread_blocked, id=8596, stack(0x000000325f900000,0x000000325fa00000) (1024K)]
  0x0000018fa00a28e0 JavaThread "Attach Listener"            daemon [_thread_blocked, id=12972, stack(0x000000325fa00000,0x000000325fb00000) (1024K)]
  0x0000018fa00a3340 JavaThread "Service Thread"             daemon [_thread_blocked, id=8556, stack(0x000000325fb00000,0x000000325fc00000) (1024K)]
  0x0000018fa00c6570 JavaThread "Monitor Deflation Thread"   daemon [_thread_blocked, id=2372, stack(0x000000325fc00000,0x000000325fd00000) (1024K)]
=>0x0000018fa00c8d40 JavaThread "C2 CompilerThread0"         daemon [_thread_in_native, id=10176, stack(0x000000325fd00000,0x000000325fe00000) (1024K)]
  0x0000018fa00d4580 JavaThread "C1 CompilerThread0"         daemon [_thread_blocked, id=9192, stack(0x000000325fe00000,0x000000325ff00000) (1024K)]
  0x0000018fa02611b0 JavaThread "Common-Cleaner"             daemon [_thread_blocked, id=13356, stack(0x000000325ff00000,0x0000003260000000) (1024K)]
  0x0000018fa026e340 JavaThread "Notification Thread"        daemon [_thread_blocked, id=5428, stack(0x0000003260000000,0x0000003260100000) (1024K)]
  0x0000018fa0b62d60 JavaThread "mysql-cj-abandoned-connection-cleanup" daemon [_thread_blocked, id=10680, stack(0x0000003260200000,0x0000003260300000) (1024K)]
  0x0000018fa08b5d10 JavaThread "RMI TCP Accept-56131"       daemon [_thread_in_native, id=11892, stack(0x0000003260300000,0x0000003260400000) (1024K)]
  0x0000018fa0a53380 JavaThread "RMI TCP Accept-0"           daemon [_thread_in_native, id=8184, stack(0x0000003260400000,0x0000003260500000) (1024K)]
  0x0000018fa0a827a0 JavaThread "RMI Reaper"                        [_thread_blocked, id=1880, stack(0x0000003260500000,0x0000003260600000) (1024K)]
  0x0000018fa09747a0 JavaThread "RMI GC Daemon"              daemon [_thread_blocked, id=3488, stack(0x0000003260600000,0x0000003260700000) (1024K)]
  0x0000018fa07e9c10 JavaThread "RMI TCP Connection(2)-127.0.0.1" daemon [_thread_in_native, id=7976, stack(0x0000003260700000,0x0000003260800000) (1024K)]
  0x0000018fa0b3c780 JavaThread "RMI Scheduler(0)"           daemon [_thread_blocked, id=14520, stack(0x0000003260800000,0x0000003260900000) (1024K)]
  0x0000018fa0b3f4e0 JavaThread "RMI RenewClean-[127.0.0.1:57877]" daemon [_thread_blocked, id=10208, stack(0x0000003260b00000,0x0000003260c00000) (1024K)]
  0x0000018fa0b40200 JavaThread "RMI TCP Connection(5)-127.0.0.1" daemon [_thread_in_native, id=8924, stack(0x000000325ec00000,0x000000325ed00000) (1024K)]
Total: 20

Other Threads:
  0x0000018f9fef9990 VMThread "VM Thread"                           [id=11236, stack(0x000000325f600000,0x000000325f700000) (1024K)]
  0x0000018f9fe87940 WatcherThread "VM Periodic Task Thread"        [id=1488, stack(0x000000325f500000,0x000000325f600000) (1024K)]
  0x0000018f87a95930 WorkerThread "GC Thread#0"                     [id=14816, stack(0x000000325f000000,0x000000325f100000) (1024K)]
  0x0000018fa0bd9250 WorkerThread "GC Thread#1"                     [id=6664, stack(0x0000003260d00000,0x0000003260e00000) (1024K)]
  0x0000018fa0bd8b10 WorkerThread "GC Thread#2"                     [id=15004, stack(0x0000003260e00000,0x0000003260f00000) (1024K)]
  0x0000018fa0bd95f0 WorkerThread "GC Thread#3"                     [id=4416, stack(0x0000003260f00000,0x0000003261000000) (1024K)]
  0x0000018fa0bd8770 WorkerThread "GC Thread#4"                     [id=6356, stack(0x0000003261000000,0x0000003261100000) (1024K)]
  0x0000018fa0bd9990 WorkerThread "GC Thread#5"                     [id=8032, stack(0x0000003261100000,0x0000003261200000) (1024K)]
  0x0000018fa0bd8eb0 WorkerThread "GC Thread#6"                     [id=2972, stack(0x0000003261200000,0x0000003261300000) (1024K)]
  0x0000018fa0bd9d30 WorkerThread "GC Thread#7"                     [id=1828, stack(0x0000003261300000,0x0000003261400000) (1024K)]
  0x0000018f87aa76a0 ConcurrentGCThread "G1 Main Marker"            [id=15000, stack(0x000000325f100000,0x000000325f200000) (1024K)]
  0x0000018f87aa8850 WorkerThread "G1 Conc#0"                       [id=14332, stack(0x000000325f200000,0x000000325f300000) (1024K)]
  0x0000018fa0bda0d0 WorkerThread "G1 Conc#1"                       [id=13960, stack(0x0000003261400000,0x0000003261500000) (1024K)]
  0x0000018f87afea10 ConcurrentGCThread "G1 Refine#0"               [id=4268, stack(0x000000325f300000,0x000000325f400000) (1024K)]
  0x0000018f9fd4a710 ConcurrentGCThread "G1 Service"                [id=14300, stack(0x000000325f400000,0x000000325f500000) (1024K)]
Total: 15

Threads with active compile tasks:
C2 CompilerThread0  12445892 3629       4       sun.rmi.transport.StreamRemoteCall::getOutputStream (39 bytes)
Total: 1

VM state: not at safepoint (normal execution)

VM Mutex/Monitor currently owned by a thread: None

Heap address: 0x0000000080000000, size: 2048 MB, Compressed Oops mode: 32-bit

CDS archive(s) not mapped
Compressed class space mapped at: 0x0000000100000000-0x0000000140000000, reserved size: 1073741824
Narrow klass base: 0x0000000000000000, Narrow klass shift: 3, Narrow klass range: 0x140000000

GC Precious Log:
 CardTable entry size: 512
 Card Set container configuration: InlinePtr #cards 5 size 8 Array Of Cards #cards 12 size 40 Howl #buckets 4 coarsen threshold 1843 Howl Bitmap #cards 512 size 80 coarsen threshold 460 Card regions per heap region 1 cards per card region 2048
 CPUs: 8 total, 8 available
 Memory: 16252M
 Large Page Support: Disabled
 NUMA Support: Disabled
 Compressed Oops: Enabled (32-bit)
 Heap Region Size: 1M
 Heap Min Capacity: 128M
 Heap Initial Capacity: 128M
 Heap Max Capacity: 2G
 Pre-touch: Disabled
 Parallel Workers: 8
 Concurrent Workers: 2
 Concurrent Refinement Workers: 8
 Periodic GC: Disabled

Heap:
 garbage-first heap   total 131072K, used 15322K [0x0000000080000000, 0x0000000100000000)
  region size 1024K, 4 young (4096K), 0 survivors (0K)
 Metaspace       used 28551K, committed 29056K, reserved 1114112K
  class space    used 2844K, committed 3072K, reserved 1048576K

Heap Regions: E=young(eden), S=young(survivor), O=old, HS=humongous(starts), HC=humongous(continues), CS=collection set, F=free, TAMS=top-at-mark-start, PB=parsable bottom
|   0|0x0000000080000000, 0x0000000080100000, 0x0000000080100000|100%|HS|  |TAMS 0x0000000080000000| PB 0x0000000080000000| Untracked 
|   1|0x0000000080100000, 0x0000000080200000, 0x0000000080200000|100%|HC|  |TAMS 0x0000000080100000| PB 0x0000000080100000| Untracked 
|   2|0x0000000080200000, 0x0000000080300000, 0x0000000080300000|100%|HS|  |TAMS 0x0000000080200000| PB 0x0000000080200000| Untracked 
|   3|0x0000000080300000, 0x0000000080400000, 0x0000000080400000|100%|HS|  |TAMS 0x0000000080300000| PB 0x0000000080300000| Untracked 
|   4|0x0000000080400000, 0x0000000080500000, 0x0000000080500000|100%| O|  |TAMS 0x0000000080400000| PB 0x0000000080400000| Untracked 
|   5|0x0000000080500000, 0x00000000805fffe0, 0x0000000080600000| 99%| O|  |TAMS 0x0000000080500000| PB 0x0000000080500000| Untracked 
|   6|0x0000000080600000, 0x00000000806ffff8, 0x0000000080700000| 99%| O|  |TAMS 0x0000000080600000| PB 0x0000000080600000| Untracked 
|   7|0x0000000080700000, 0x00000000807ffff0, 0x0000000080800000| 99%| O|  |TAMS 0x0000000080700000| PB 0x0000000080700000| Untracked 
|   8|0x0000000080800000, 0x00000000808ffff0, 0x0000000080900000| 99%| O|  |TAMS 0x0000000080800000| PB 0x0000000080800000| Untracked 
|   9|0x0000000080900000, 0x00000000809ffff0, 0x0000000080a00000| 99%| O|  |TAMS 0x0000000080900000| PB 0x0000000080900000| Untracked 
|  10|0x0000000080a00000, 0x0000000080afff10, 0x0000000080b00000| 99%| O|  |TAMS 0x0000000080a00000| PB 0x0000000080a00000| Untracked 
|  11|0x0000000080b00000, 0x0000000080b88af8, 0x0000000080c00000| 53%| O|  |TAMS 0x0000000080b00000| PB 0x0000000080b00000| Untracked 
|  12|0x0000000080c00000, 0x0000000080c4a278, 0x0000000080d00000| 28%| O|  |TAMS 0x0000000080c00000| PB 0x0000000080c00000| Untracked 
|  13|0x0000000080d00000, 0x0000000080d23d98, 0x0000000080e00000| 14%| O|  |TAMS 0x0000000080d00000| PB 0x0000000080d00000| Untracked 
|  14|0x0000000080e00000, 0x0000000080e00000, 0x0000000080f00000|  0%| F|  |TAMS 0x0000000080e00000| PB 0x0000000080e00000| Untracked 
|  15|0x0000000080f00000, 0x0000000080f00000, 0x0000000081000000|  0%| F|  |TAMS 0x0000000080f00000| PB 0x0000000080f00000| Untracked 
|  16|0x0000000081000000, 0x0000000081000000, 0x0000000081100000|  0%| F|  |TAMS 0x0000000081000000| PB 0x0000000081000000| Untracked 
|  17|0x0000000081100000, 0x0000000081100000, 0x0000000081200000|  0%| F|  |TAMS 0x0000000081100000| PB 0x0000000081100000| Untracked 
|  18|0x0000000081200000, 0x0000000081200000, 0x0000000081300000|  0%| F|  |TAMS 0x0000000081200000| PB 0x0000000081200000| Untracked 
|  19|0x0000000081300000, 0x0000000081300000, 0x0000000081400000|  0%| F|  |TAMS 0x0000000081300000| PB 0x0000000081300000| Untracked 
|  20|0x0000000081400000, 0x0000000081400000, 0x0000000081500000|  0%| F|  |TAMS 0x0000000081400000| PB 0x0000000081400000| Untracked 
|  21|0x0000000081500000, 0x0000000081500000, 0x0000000081600000|  0%| F|  |TAMS 0x0000000081500000| PB 0x0000000081500000| Untracked 
|  22|0x0000000081600000, 0x0000000081600000, 0x0000000081700000|  0%| F|  |TAMS 0x0000000081600000| PB 0x0000000081600000| Untracked 
|  23|0x0000000081700000, 0x0000000081700000, 0x0000000081800000|  0%| F|  |TAMS 0x0000000081700000| PB 0x0000000081700000| Untracked 
|  24|0x0000000081800000, 0x0000000081800000, 0x0000000081900000|  0%| F|  |TAMS 0x0000000081800000| PB 0x0000000081800000| Untracked 
|  25|0x0000000081900000, 0x0000000081900000, 0x0000000081a00000|  0%| F|  |TAMS 0x0000000081900000| PB 0x0000000081900000| Untracked 
|  26|0x0000000081a00000, 0x0000000081a00000, 0x0000000081b00000|  0%| F|  |TAMS 0x0000000081a00000| PB 0x0000000081a00000| Untracked 
|  27|0x0000000081b00000, 0x0000000081b00000, 0x0000000081c00000|  0%| F|  |TAMS 0x0000000081b00000| PB 0x0000000081b00000| Untracked 
|  28|0x0000000081c00000, 0x0000000081c00000, 0x0000000081d00000|  0%| F|  |TAMS 0x0000000081c00000| PB 0x0000000081c00000| Untracked 
|  29|0x0000000081d00000, 0x0000000081d00000, 0x0000000081e00000|  0%| F|  |TAMS 0x0000000081d00000| PB 0x0000000081d00000| Untracked 
|  30|0x0000000081e00000, 0x0000000081e00000, 0x0000000081f00000|  0%| F|  |TAMS 0x0000000081e00000| PB 0x0000000081e00000| Untracked 
|  31|0x0000000081f00000, 0x0000000081f00000, 0x0000000082000000|  0%| F|  |TAMS 0x0000000081f00000| PB 0x0000000081f00000| Untracked 
|  32|0x0000000082000000, 0x0000000082000000, 0x0000000082100000|  0%| F|  |TAMS 0x0000000082000000| PB 0x0000000082000000| Untracked 
|  33|0x0000000082100000, 0x0000000082100000, 0x0000000082200000|  0%| F|  |TAMS 0x0000000082100000| PB 0x0000000082100000| Untracked 
|  34|0x0000000082200000, 0x0000000082200000, 0x0000000082300000|  0%| F|  |TAMS 0x0000000082200000| PB 0x0000000082200000| Untracked 
|  35|0x0000000082300000, 0x0000000082300000, 0x0000000082400000|  0%| F|  |TAMS 0x0000000082300000| PB 0x0000000082300000| Untracked 
|  36|0x0000000082400000, 0x0000000082400000, 0x0000000082500000|  0%| F|  |TAMS 0x0000000082400000| PB 0x0000000082400000| Untracked 
|  37|0x0000000082500000, 0x0000000082500000, 0x0000000082600000|  0%| F|  |TAMS 0x0000000082500000| PB 0x0000000082500000| Untracked 
|  38|0x0000000082600000, 0x0000000082600000, 0x0000000082700000|  0%| F|  |TAMS 0x0000000082600000| PB 0x0000000082600000| Untracked 
|  39|0x0000000082700000, 0x0000000082700000, 0x0000000082800000|  0%| F|  |TAMS 0x0000000082700000| PB 0x0000000082700000| Untracked 
|  40|0x0000000082800000, 0x0000000082800000, 0x0000000082900000|  0%| F|  |TAMS 0x0000000082800000| PB 0x0000000082800000| Untracked 
|  41|0x0000000082900000, 0x0000000082900000, 0x0000000082a00000|  0%| F|  |TAMS 0x0000000082900000| PB 0x0000000082900000| Untracked 
|  42|0x0000000082a00000, 0x0000000082a00000, 0x0000000082b00000|  0%| F|  |TAMS 0x0000000082a00000| PB 0x0000000082a00000| Untracked 
|  43|0x0000000082b00000, 0x0000000082b00000, 0x0000000082c00000|  0%| F|  |TAMS 0x0000000082b00000| PB 0x0000000082b00000| Untracked 
|  44|0x0000000082c00000, 0x0000000082c00000, 0x0000000082d00000|  0%| F|  |TAMS 0x0000000082c00000| PB 0x0000000082c00000| Untracked 
|  45|0x0000000082d00000, 0x0000000082d00000, 0x0000000082e00000|  0%| F|  |TAMS 0x0000000082d00000| PB 0x0000000082d00000| Untracked 
|  46|0x0000000082e00000, 0x0000000082e00000, 0x0000000082f00000|  0%| F|  |TAMS 0x0000000082e00000| PB 0x0000000082e00000| Untracked 
|  47|0x0000000082f00000, 0x0000000082f00000, 0x0000000083000000|  0%| F|  |TAMS 0x0000000082f00000| PB 0x0000000082f00000| Untracked 
|  48|0x0000000083000000, 0x0000000083000000, 0x0000000083100000|  0%| F|  |TAMS 0x0000000083000000| PB 0x0000000083000000| Untracked 
|  49|0x0000000083100000, 0x0000000083100000, 0x0000000083200000|  0%| F|  |TAMS 0x0000000083100000| PB 0x0000000083100000| Untracked 
|  50|0x0000000083200000, 0x0000000083200000, 0x0000000083300000|  0%| F|  |TAMS 0x0000000083200000| PB 0x0000000083200000| Untracked 
|  51|0x0000000083300000, 0x0000000083300000, 0x0000000083400000|  0%| F|  |TAMS 0x0000000083300000| PB 0x0000000083300000| Untracked 
|  52|0x0000000083400000, 0x0000000083400000, 0x0000000083500000|  0%| F|  |TAMS 0x0000000083400000| PB 0x0000000083400000| Untracked 
|  53|0x0000000083500000, 0x0000000083500000, 0x0000000083600000|  0%| F|  |TAMS 0x0000000083500000| PB 0x0000000083500000| Untracked 
|  54|0x0000000083600000, 0x0000000083600000, 0x0000000083700000|  0%| F|  |TAMS 0x0000000083600000| PB 0x0000000083600000| Untracked 
|  55|0x0000000083700000, 0x0000000083700000, 0x0000000083800000|  0%| F|  |TAMS 0x0000000083700000| PB 0x0000000083700000| Untracked 
|  56|0x0000000083800000, 0x0000000083800000, 0x0000000083900000|  0%| F|  |TAMS 0x0000000083800000| PB 0x0000000083800000| Untracked 
|  57|0x0000000083900000, 0x0000000083900000, 0x0000000083a00000|  0%| F|  |TAMS 0x0000000083900000| PB 0x0000000083900000| Untracked 
|  58|0x0000000083a00000, 0x0000000083a00000, 0x0000000083b00000|  0%| F|  |TAMS 0x0000000083a00000| PB 0x0000000083a00000| Untracked 
|  59|0x0000000083b00000, 0x0000000083b00000, 0x0000000083c00000|  0%| F|  |TAMS 0x0000000083b00000| PB 0x0000000083b00000| Untracked 
|  60|0x0000000083c00000, 0x0000000083c00000, 0x0000000083d00000|  0%| F|  |TAMS 0x0000000083c00000| PB 0x0000000083c00000| Untracked 
|  61|0x0000000083d00000, 0x0000000083d00000, 0x0000000083e00000|  0%| F|  |TAMS 0x0000000083d00000| PB 0x0000000083d00000| Untracked 
|  62|0x0000000083e00000, 0x0000000083e00000, 0x0000000083f00000|  0%| F|  |TAMS 0x0000000083e00000| PB 0x0000000083e00000| Untracked 
|  63|0x0000000083f00000, 0x0000000083f00000, 0x0000000084000000|  0%| F|  |TAMS 0x0000000083f00000| PB 0x0000000083f00000| Untracked 
|  64|0x0000000084000000, 0x0000000084000000, 0x0000000084100000|  0%| F|  |TAMS 0x0000000084000000| PB 0x0000000084000000| Untracked 
|  65|0x0000000084100000, 0x0000000084100000, 0x0000000084200000|  0%| F|  |TAMS 0x0000000084100000| PB 0x0000000084100000| Untracked 
|  66|0x0000000084200000, 0x0000000084200000, 0x0000000084300000|  0%| F|  |TAMS 0x0000000084200000| PB 0x0000000084200000| Untracked 
|  67|0x0000000084300000, 0x0000000084300000, 0x0000000084400000|  0%| F|  |TAMS 0x0000000084300000| PB 0x0000000084300000| Untracked 
|  68|0x0000000084400000, 0x0000000084400000, 0x0000000084500000|  0%| F|  |TAMS 0x0000000084400000| PB 0x0000000084400000| Untracked 
|  69|0x0000000084500000, 0x0000000084500000, 0x0000000084600000|  0%| F|  |TAMS 0x0000000084500000| PB 0x0000000084500000| Untracked 
|  70|0x0000000084600000, 0x0000000084600000, 0x0000000084700000|  0%| F|  |TAMS 0x0000000084600000| PB 0x0000000084600000| Untracked 
|  71|0x0000000084700000, 0x0000000084700000, 0x0000000084800000|  0%| F|  |TAMS 0x0000000084700000| PB 0x0000000084700000| Untracked 
|  72|0x0000000084800000, 0x0000000084800000, 0x0000000084900000|  0%| F|  |TAMS 0x0000000084800000| PB 0x0000000084800000| Untracked 
|  73|0x0000000084900000, 0x0000000084900000, 0x0000000084a00000|  0%| F|  |TAMS 0x0000000084900000| PB 0x0000000084900000| Untracked 
|  74|0x0000000084a00000, 0x0000000084a00000, 0x0000000084b00000|  0%| F|  |TAMS 0x0000000084a00000| PB 0x0000000084a00000| Untracked 
|  75|0x0000000084b00000, 0x0000000084b00000, 0x0000000084c00000|  0%| F|  |TAMS 0x0000000084b00000| PB 0x0000000084b00000| Untracked 
|  76|0x0000000084c00000, 0x0000000084c00000, 0x0000000084d00000|  0%| F|  |TAMS 0x0000000084c00000| PB 0x0000000084c00000| Untracked 
|  77|0x0000000084d00000, 0x0000000084d00000, 0x0000000084e00000|  0%| F|  |TAMS 0x0000000084d00000| PB 0x0000000084d00000| Untracked 
|  78|0x0000000084e00000, 0x0000000084e00000, 0x0000000084f00000|  0%| F|  |TAMS 0x0000000084e00000| PB 0x0000000084e00000| Untracked 
|  79|0x0000000084f00000, 0x0000000084f00000, 0x0000000085000000|  0%| F|  |TAMS 0x0000000084f00000| PB 0x0000000084f00000| Untracked 
|  80|0x0000000085000000, 0x0000000085000000, 0x0000000085100000|  0%| F|  |TAMS 0x0000000085000000| PB 0x0000000085000000| Untracked 
|  81|0x0000000085100000, 0x0000000085100000, 0x0000000085200000|  0%| F|  |TAMS 0x0000000085100000| PB 0x0000000085100000| Untracked 
|  82|0x0000000085200000, 0x0000000085200000, 0x0000000085300000|  0%| F|  |TAMS 0x0000000085200000| PB 0x0000000085200000| Untracked 
|  83|0x0000000085300000, 0x0000000085300000, 0x0000000085400000|  0%| F|  |TAMS 0x0000000085300000| PB 0x0000000085300000| Untracked 
|  84|0x0000000085400000, 0x0000000085400000, 0x0000000085500000|  0%| F|  |TAMS 0x0000000085400000| PB 0x0000000085400000| Untracked 
|  85|0x0000000085500000, 0x0000000085500000, 0x0000000085600000|  0%| F|  |TAMS 0x0000000085500000| PB 0x0000000085500000| Untracked 
|  86|0x0000000085600000, 0x0000000085600000, 0x0000000085700000|  0%| F|  |TAMS 0x0000000085600000| PB 0x0000000085600000| Untracked 
|  87|0x0000000085700000, 0x0000000085700000, 0x0000000085800000|  0%| F|  |TAMS 0x0000000085700000| PB 0x0000000085700000| Untracked 
|  88|0x0000000085800000, 0x0000000085800000, 0x0000000085900000|  0%| F|  |TAMS 0x0000000085800000| PB 0x0000000085800000| Untracked 
|  89|0x0000000085900000, 0x0000000085900000, 0x0000000085a00000|  0%| F|  |TAMS 0x0000000085900000| PB 0x0000000085900000| Untracked 
|  90|0x0000000085a00000, 0x0000000085a00000, 0x0000000085b00000|  0%| F|  |TAMS 0x0000000085a00000| PB 0x0000000085a00000| Untracked 
|  91|0x0000000085b00000, 0x0000000085b00000, 0x0000000085c00000|  0%| F|  |TAMS 0x0000000085b00000| PB 0x0000000085b00000| Untracked 
|  92|0x0000000085c00000, 0x0000000085c00000, 0x0000000085d00000|  0%| F|  |TAMS 0x0000000085c00000| PB 0x0000000085c00000| Untracked 
|  93|0x0000000085d00000, 0x0000000085d00000, 0x0000000085e00000|  0%| F|  |TAMS 0x0000000085d00000| PB 0x0000000085d00000| Untracked 
|  94|0x0000000085e00000, 0x0000000085e00000, 0x0000000085f00000|  0%| F|  |TAMS 0x0000000085e00000| PB 0x0000000085e00000| Untracked 
|  95|0x0000000085f00000, 0x0000000085f00000, 0x0000000086000000|  0%| F|  |TAMS 0x0000000085f00000| PB 0x0000000085f00000| Untracked 
|  96|0x0000000086000000, 0x0000000086000000, 0x0000000086100000|  0%| F|  |TAMS 0x0000000086000000| PB 0x0000000086000000| Untracked 
|  97|0x0000000086100000, 0x0000000086100000, 0x0000000086200000|  0%| F|  |TAMS 0x0000000086100000| PB 0x0000000086100000| Untracked 
|  98|0x0000000086200000, 0x0000000086200000, 0x0000000086300000|  0%| F|  |TAMS 0x0000000086200000| PB 0x0000000086200000| Untracked 
|  99|0x0000000086300000, 0x0000000086300000, 0x0000000086400000|  0%| F|  |TAMS 0x0000000086300000| PB 0x0000000086300000| Untracked 
| 100|0x0000000086400000, 0x0000000086400000, 0x0000000086500000|  0%| F|  |TAMS 0x0000000086400000| PB 0x0000000086400000| Untracked 
| 101|0x0000000086500000, 0x0000000086500000, 0x0000000086600000|  0%| F|  |TAMS 0x0000000086500000| PB 0x0000000086500000| Untracked 
| 102|0x0000000086600000, 0x0000000086600000, 0x0000000086700000|  0%| F|  |TAMS 0x0000000086600000| PB 0x0000000086600000| Untracked 
| 103|0x0000000086700000, 0x0000000086700000, 0x0000000086800000|  0%| F|  |TAMS 0x0000000086700000| PB 0x0000000086700000| Untracked 
| 104|0x0000000086800000, 0x0000000086800000, 0x0000000086900000|  0%| F|  |TAMS 0x0000000086800000| PB 0x0000000086800000| Untracked 
| 105|0x0000000086900000, 0x0000000086900000, 0x0000000086a00000|  0%| F|  |TAMS 0x0000000086900000| PB 0x0000000086900000| Untracked 
| 106|0x0000000086a00000, 0x0000000086a00000, 0x0000000086b00000|  0%| F|  |TAMS 0x0000000086a00000| PB 0x0000000086a00000| Untracked 
| 107|0x0000000086b00000, 0x0000000086b00000, 0x0000000086c00000|  0%| F|  |TAMS 0x0000000086b00000| PB 0x0000000086b00000| Untracked 
| 108|0x0000000086c00000, 0x0000000086c00000, 0x0000000086d00000|  0%| F|  |TAMS 0x0000000086c00000| PB 0x0000000086c00000| Untracked 
| 109|0x0000000086d00000, 0x0000000086d00000, 0x0000000086e00000|  0%| F|  |TAMS 0x0000000086d00000| PB 0x0000000086d00000| Untracked 
| 110|0x0000000086e00000, 0x0000000086e00000, 0x0000000086f00000|  0%| F|  |TAMS 0x0000000086e00000| PB 0x0000000086e00000| Untracked 
| 111|0x0000000086f00000, 0x0000000086f00000, 0x0000000087000000|  0%| F|  |TAMS 0x0000000086f00000| PB 0x0000000086f00000| Untracked 
| 112|0x0000000087000000, 0x0000000087000000, 0x0000000087100000|  0%| F|  |TAMS 0x0000000087000000| PB 0x0000000087000000| Untracked 
| 113|0x0000000087100000, 0x0000000087100000, 0x0000000087200000|  0%| F|  |TAMS 0x0000000087100000| PB 0x0000000087100000| Untracked 
| 114|0x0000000087200000, 0x0000000087200000, 0x0000000087300000|  0%| F|  |TAMS 0x0000000087200000| PB 0x0000000087200000| Untracked 
| 115|0x0000000087300000, 0x0000000087300000, 0x0000000087400000|  0%| F|  |TAMS 0x0000000087300000| PB 0x0000000087300000| Untracked 
| 116|0x0000000087400000, 0x0000000087400000, 0x0000000087500000|  0%| F|  |TAMS 0x0000000087400000| PB 0x0000000087400000| Untracked 
| 117|0x0000000087500000, 0x0000000087500000, 0x0000000087600000|  0%| F|  |TAMS 0x0000000087500000| PB 0x0000000087500000| Untracked 
| 118|0x0000000087600000, 0x0000000087600000, 0x0000000087700000|  0%| F|  |TAMS 0x0000000087600000| PB 0x0000000087600000| Untracked 
| 119|0x0000000087700000, 0x0000000087700000, 0x0000000087800000|  0%| F|  |TAMS 0x0000000087700000| PB 0x0000000087700000| Untracked 
| 120|0x0000000087800000, 0x0000000087800000, 0x0000000087900000|  0%| F|  |TAMS 0x0000000087800000| PB 0x0000000087800000| Untracked 
| 121|0x0000000087900000, 0x0000000087900000, 0x0000000087a00000|  0%| F|  |TAMS 0x0000000087900000| PB 0x0000000087900000| Untracked 
| 122|0x0000000087a00000, 0x0000000087a00000, 0x0000000087b00000|  0%| F|  |TAMS 0x0000000087a00000| PB 0x0000000087a00000| Untracked 
| 123|0x0000000087b00000, 0x0000000087b00000, 0x0000000087c00000|  0%| F|  |TAMS 0x0000000087b00000| PB 0x0000000087b00000| Untracked 
| 124|0x0000000087c00000, 0x0000000087d00000, 0x0000000087d00000|100%| E|  |TAMS 0x0000000087c00000| PB 0x0000000087c00000| Complete 
| 125|0x0000000087d00000, 0x0000000087e00000, 0x0000000087e00000|100%| E|CS|TAMS 0x0000000087d00000| PB 0x0000000087d00000| Complete 
| 126|0x0000000087e00000, 0x0000000087f00000, 0x0000000087f00000|100%| E|CS|TAMS 0x0000000087e00000| PB 0x0000000087e00000| Complete 
| 127|0x0000000087f00000, 0x0000000088000000, 0x0000000088000000|100%| E|CS|TAMS 0x0000000087f00000| PB 0x0000000087f00000| Complete 

Card table byte_map: [0x0000018f9b080000,0x0000018f9b480000] _byte_map_base: 0x0000018f9ac80000

Marking Bits: (CMBitMap*) 0x0000018f87a95f40
 Bits: [0x0000018f9b480000, 0x0000018f9d480000)

Polling page: 0x0000018f85bd0000

Metaspace:

Usage:
  Non-class:     25.10 MB used.
      Class:      2.78 MB used.
       Both:     27.88 MB used.

Virtual space:
  Non-class space:       64.00 MB reserved,      25.38 MB ( 40%) committed,  1 nodes.
      Class space:        1.00 GB reserved,       3.00 MB ( <1%) committed,  1 nodes.
             Both:        1.06 GB reserved,      28.38 MB (  3%) committed. 

Chunk freelists:
   Non-Class:  6.62 MB
       Class:  13.08 MB
        Both:  19.71 MB

MaxMetaspaceSize: unlimited
CompressedClassSpaceSize: 1.00 GB
Initial GC threshold: 21.00 MB
Current GC threshold: 47.31 MB
CDS: off
 - commit_granule_bytes: 65536.
 - commit_granule_words: 8192.
 - virtual_space_node_default_size: 8388608.
 - enlarge_chunks_in_place: 1.
 - use_allocation_guard: 0.


Internal statistics:

num_allocs_failed_limit: 3.
num_arena_births: 694.
num_arena_deaths: 264.
num_vsnodes_births: 2.
num_vsnodes_deaths: 0.
num_space_committed: 454.
num_space_uncommitted: 0.
num_chunks_returned_to_freelist: 371.
num_chunks_taken_from_freelist: 1333.
num_chunk_merges: 85.
num_chunk_splits: 666.
num_chunks_enlarged: 269.
num_inconsistent_stats: 0.

CodeHeap 'non-profiled nmethods': size=120000Kb used=1784Kb max_used=1784Kb free=118215Kb
 bounds [0x0000018f93420000, 0x0000018f93690000, 0x0000018f9a950000]
CodeHeap 'profiled nmethods': size=120000Kb used=6195Kb max_used=6292Kb free=113804Kb
 bounds [0x0000018f8b950000, 0x0000018f8bf80000, 0x0000018f92e80000]
CodeHeap 'non-nmethods': size=5760Kb used=1528Kb max_used=1602Kb free=4231Kb
 bounds [0x0000018f92e80000, 0x0000018f930f0000, 0x0000018f93420000]
 total_blobs=3768 nmethods=3175 adapters=497
 compilation: enabled
              stopped_count=0, restarted_count=0
 full_count=0

Compilation events (20 events):
Event: 10674.120 Thread 0x0000018fa00d4580 nmethod 3619 0x0000018f935dad90 code [0x0000018f935daf20, 0x0000018f935dafe8]
Event: 10674.120 Thread 0x0000018fa00d4580 3620       1       java.net.InetAddress$InetAddressHolder::getAddress (5 bytes)
Event: 10674.120 Thread 0x0000018fa00d4580 nmethod 3620 0x0000018f935db090 code [0x0000018f935db220, 0x0000018f935db2e8]
Event: 10803.494 Thread 0x0000018fa00d4580 3621   !   3       sun.nio.ch.NioSocketImpl::setOption (538 bytes)
Event: 10803.498 Thread 0x0000018fa00d4580 nmethod 3621 0x0000018f8bd9bb90 code [0x0000018f8bd9c140, 0x0000018f8bd9eb40]
Event: 10963.967 Thread 0x0000018fa00c8d40 3622       4       java.io.ObjectOutputStream$BlockDataOutputStream::writeBytes (144 bytes)
Event: 10963.983 Thread 0x0000018fa00c8d40 nmethod 3622 0x0000018f935db390 code [0x0000018f935db560, 0x0000018f935dbda0]
Event: 11117.024 Thread 0x0000018fa00c8d40 3623       4       java.lang.reflect.Method::isCallerSensitive (38 bytes)
Event: 11117.026 Thread 0x0000018fa00c8d40 nmethod 3623 0x0000018f935dc310 code [0x0000018f935dc4c0, 0x0000018f935dc620]
Event: 11274.147 Thread 0x0000018fa00d4580 3624       3       java.net.DelegatingSocketImpl::setOption (10 bytes)
Event: 11274.147 Thread 0x0000018fa00d4580 nmethod 3624 0x0000018f8bd19310 code [0x0000018f8bd194c0, 0x0000018f8bd19690]
Event: 11378.077 Thread 0x0000018fa00c8d40 3625   !   4       jdk.internal.reflect.DirectMethodHandleAccessor::invoke (92 bytes)
Event: 11378.088 Thread 0x0000018fa00c8d40 nmethod 3625 0x0000018f935dc790 code [0x0000018f935dca40, 0x0000018f935dd2a8]
Event: 11399.022 Thread 0x0000018fa00c8d40 3626       4       java.util.concurrent.ThreadPoolExecutor::beforeExecute (1 bytes)
Event: 11399.022 Thread 0x0000018fa00c8d40 nmethod 3626 0x0000018f935ddc10 code [0x0000018f935ddd80, 0x0000018f935dde08]
Event: 11874.166 Thread 0x0000018fa00d4580 3627       3       java.net.URI$Parser::scan (41 bytes)
Event: 11874.166 Thread 0x0000018fa00d4580 nmethod 3627 0x0000018f8bda4210 code [0x0000018f8bda4420, 0x0000018f8bda4b78]
Event: 12323.717 Thread 0x0000018fa00c8d40 3628       4       java.io.ObjectOutputStream::isCustomSubclass (21 bytes)
Event: 12323.719 Thread 0x0000018fa00c8d40 nmethod 3628 0x0000018f935ddf10 code [0x0000018f935de080, 0x0000018f935de138]
Event: 12440.796 Thread 0x0000018fa00c8d40 3629       4       sun.rmi.transport.StreamRemoteCall::getOutputStream (39 bytes)

GC Heap History (10 events):
Event: 2.680 GC heap before
{Heap before GC invocations=0 (full 0):
 garbage-first heap   total 131072K, used 26624K [0x0000000080000000, 0x0000000100000000)
  region size 1024K, 23 young (23552K), 0 survivors (0K)
 Metaspace       used 17638K, committed 18048K, reserved 1114112K
  class space    used 1826K, committed 2048K, reserved 1048576K
}
Event: 2.696 GC heap after
{Heap after GC invocations=1 (full 0):
 garbage-first heap   total 131072K, used 9216K [0x0000000080000000, 0x0000000100000000)
  region size 1024K, 3 young (3072K), 3 survivors (3072K)
 Metaspace       used 17638K, committed 18048K, reserved 1114112K
  class space    used 1826K, committed 2048K, reserved 1048576K
}
Event: 3.277 GC heap before
{Heap before GC invocations=1 (full 0):
 garbage-first heap   total 131072K, used 16384K [0x0000000080000000, 0x0000000100000000)
  region size 1024K, 12 young (12288K), 3 survivors (3072K)
 Metaspace       used 21143K, committed 21504K, reserved 1114112K
  class space    used 2174K, committed 2368K, reserved 1048576K
}
Event: 3.286 GC heap after
{Heap after GC invocations=2 (full 0):
 garbage-first heap   total 131072K, used 10811K [0x0000000080000000, 0x0000000100000000)
  region size 1024K, 2 young (2048K), 2 survivors (2048K)
 Metaspace       used 21143K, committed 21504K, reserved 1114112K
  class space    used 2174K, committed 2368K, reserved 1048576K
}
Event: 3603.309 GC heap before
{Heap before GC invocations=3 (full 0):
 garbage-first heap   total 131072K, used 46651K [0x0000000080000000, 0x0000000100000000)
  region size 1024K, 38 young (38912K), 2 survivors (2048K)
 Metaspace       used 28361K, committed 28800K, reserved 1114112K
  class space    used 2887K, committed 3072K, reserved 1048576K
}
Event: 3603.368 GC heap after
{Heap after GC invocations=4 (full 1):
 garbage-first heap   total 131072K, used 12215K [0x0000000080000000, 0x0000000100000000)
  region size 1024K, 0 young (0K), 0 survivors (0K)
 Metaspace       used 28311K, committed 28800K, reserved 1114112K
  class space    used 2875K, committed 3072K, reserved 1048576K
}
Event: 7203.381 GC heap before
{Heap before GC invocations=4 (full 1):
 garbage-first heap   total 131072K, used 22455K [0x0000000080000000, 0x0000000100000000)
  region size 1024K, 11 young (11264K), 0 survivors (0K)
 Metaspace       used 28347K, committed 28864K, reserved 1114112K
  class space    used 2875K, committed 3072K, reserved 1048576K
}
Event: 7203.445 GC heap after
{Heap after GC invocations=5 (full 2):
 garbage-first heap   total 131072K, used 11600K [0x0000000080000000, 0x0000000100000000)
  region size 1024K, 0 young (0K), 0 survivors (0K)
 Metaspace       used 28113K, committed 28864K, reserved 1114112K
  class space    used 2817K, committed 3072K, reserved 1048576K
}
Event: 10803.453 GC heap before
{Heap before GC invocations=5 (full 2):
 garbage-first heap   total 131072K, used 29008K [0x0000000080000000, 0x0000000100000000)
  region size 1024K, 18 young (18432K), 0 survivors (0K)
 Metaspace       used 28541K, committed 29056K, reserved 1114112K
  class space    used 2844K, committed 3072K, reserved 1048576K
}
Event: 10803.491 GC heap after
{Heap after GC invocations=6 (full 3):
 garbage-first heap   total 131072K, used 12250K [0x0000000080000000, 0x0000000100000000)
  region size 1024K, 0 young (0K), 0 survivors (0K)
 Metaspace       used 28541K, committed 29056K, reserved 1114112K
  class space    used 2844K, committed 3072K, reserved 1048576K
}

Dll operation events (2 events):
Event: 0.159 Loaded shared library D:\Programms\PhpStorm 2024.2.3\jbr\bin\java.dll
Event: 0.224 Loaded shared library D:\Programms\PhpStorm 2024.2.3\jbr\bin\zip.dll

Deoptimization events (20 events):
Event: 10395.185 Thread 0x0000018fa0b40200 DEOPT PACKING pc=0x0000018f8be04344 sp=0x000000325ecfcf60
Event: 10395.185 Thread 0x0000018fa0b40200 DEOPT UNPACKING pc=0x0000018f92ed4e42 sp=0x000000325ecfc420 mode 0
Event: 10395.699 Thread 0x0000018fa0b40200 Uncommon trap: trap_request=0xffffff45 fr.pc=0x0000018f935b25bc relative=0x00000000000001fc
Event: 10395.699 Thread 0x0000018fa0b40200 Uncommon trap: reason=unstable_if action=reinterpret pc=0x0000018f935b25bc method=com.mysql.cj.protocol.a.NativePacketPayload.readInteger(Lcom/mysql/cj/protocol/a/NativeConstants$IntegerDataType;)J @ 582 c2
Event: 10395.699 Thread 0x0000018fa0b40200 DEOPT PACKING pc=0x0000018f935b25bc sp=0x000000325ecfe2b0
Event: 10395.699 Thread 0x0000018fa0b40200 DEOPT UNPACKING pc=0x0000018f92ed46a2 sp=0x000000325ecfe240 mode 2
Event: 10395.703 Thread 0x0000018fa0b40200 DEOPT PACKING pc=0x0000018f8bd8bb55 sp=0x000000325ecfdcb0
Event: 10395.703 Thread 0x0000018fa0b40200 DEOPT UNPACKING pc=0x0000018f92ed4e42 sp=0x000000325ecfd120 mode 0
Event: 10395.709 Thread 0x0000018fa0b40200 Uncommon trap: trap_request=0xffffff45 fr.pc=0x0000018f9354fa1c relative=0x000000000000061c
Event: 10395.709 Thread 0x0000018fa0b40200 Uncommon trap: reason=unstable_if action=reinterpret pc=0x0000018f9354fa1c method=java.io.ObjectOutputStream$BlockDataOutputStream.writeBytes(Ljava/lang/String;)V @ 22 c2
Event: 10395.709 Thread 0x0000018fa0b40200 DEOPT PACKING pc=0x0000018f9354fa1c sp=0x000000325ecfdf80
Event: 10395.709 Thread 0x0000018fa0b40200 DEOPT UNPACKING pc=0x0000018f92ed46a2 sp=0x000000325ecfdeb0 mode 2
Event: 10395.709 Thread 0x0000018fa0b40200 Uncommon trap: trap_request=0xffffff45 fr.pc=0x0000018f935176fc relative=0x000000000000051c
Event: 10395.709 Thread 0x0000018fa0b40200 Uncommon trap: reason=unstable_if action=reinterpret pc=0x0000018f935176fc method=java.io.ObjectOutputStream$BlockDataOutputStream.writeBytes(Ljava/lang/String;)V @ 22 c2
Event: 10395.709 Thread 0x0000018fa0b40200 DEOPT PACKING pc=0x0000018f935176fc sp=0x000000325ecfdcb0
Event: 10395.709 Thread 0x0000018fa0b40200 DEOPT UNPACKING pc=0x0000018f92ed46a2 sp=0x000000325ecfdc68 mode 2
Event: 10395.709 Thread 0x0000018fa0b40200 Uncommon trap: trap_request=0xffffff3d fr.pc=0x0000018f93494e40 relative=0x0000000000000520
Event: 10395.709 Thread 0x0000018fa0b40200 Uncommon trap: reason=unstable_fused_if action=reinterpret pc=0x0000018f93494e40 method=java.io.BufferedOutputStream.growIfNeeded(I)V @ 10 c2
Event: 10395.709 Thread 0x0000018fa0b40200 DEOPT PACKING pc=0x0000018f93494e40 sp=0x000000325ecfe210
Event: 10395.709 Thread 0x0000018fa0b40200 DEOPT UNPACKING pc=0x0000018f92ed46a2 sp=0x000000325ecfe010 mode 2

Classes loaded (20 events):
Event: 1018.012 Loading class java/lang/StringLatin1$CharsSpliterator
Event: 1018.012 Loading class java/lang/StringLatin1$CharsSpliterator done
Event: 1018.012 Loading class java/util/stream/IntPipeline$Head
Event: 1018.012 Loading class java/util/stream/IntPipeline$Head done
Event: 1018.013 Loading class java/util/stream/IntPipeline$10
Event: 1018.013 Loading class java/util/stream/IntPipeline$10 done
Event: 1018.013 Loading class java/util/stream/FindOps$FindSink$OfInt
Event: 1018.013 Loading class java/util/stream/FindOps$FindSink$OfInt done
Event: 1018.014 Loading class java/util/stream/IntPipeline$10$1
Event: 1018.014 Loading class java/util/stream/Sink$ChainedInt
Event: 1018.014 Loading class java/util/stream/Sink$ChainedInt done
Event: 1018.014 Loading class java/util/stream/IntPipeline$10$1 done
Event: 1018.014 Loading class java/lang/StringUTF16$CharsSpliterator
Event: 1018.014 Loading class java/lang/StringUTF16$CharsSpliterator done
Event: 1018.014 Loading class java/lang/CharacterData00
Event: 1018.015 Loading class java/lang/CharacterData00 done
Event: 1018.019 Loading class java/util/Formattable
Event: 1018.019 Loading class java/util/Formattable done
Event: 10803.492 Loading class sun/rmi/transport/DGCClient$EndpointEntry$CleanRequest
Event: 10803.493 Loading class sun/rmi/transport/DGCClient$EndpointEntry$CleanRequest done

Classes unloaded (20 events):
Event: 7203.396 Thread 0x0000018f9fef9990 Unloading class 0x0000000100116000 'java/lang/invoke/LambdaForm$MH+0x0000000100116000'
Event: 7203.396 Thread 0x0000018f9fef9990 Unloading class 0x0000000100115800 'java/lang/invoke/LambdaForm$MH+0x0000000100115800'
Event: 7203.396 Thread 0x0000018f9fef9990 Unloading class 0x0000000100114c00 'java/lang/invoke/LambdaForm$MH+0x0000000100114c00'
Event: 7203.396 Thread 0x0000018f9fef9990 Unloading class 0x0000000100114800 'java/lang/invoke/LambdaForm$MH+0x0000000100114800'
Event: 7203.396 Thread 0x0000018f9fef9990 Unloading class 0x0000000100114000 'java/lang/invoke/LambdaForm$MH+0x0000000100114000'
Event: 7203.396 Thread 0x0000018f9fef9990 Unloading class 0x0000000100113800 'java/lang/invoke/LambdaForm$DMH+0x0000000100113800'
Event: 7203.396 Thread 0x0000018f9fef9990 Unloading class 0x0000000100113000 'java/lang/invoke/LambdaForm$DMH+0x0000000100113000'
Event: 7203.396 Thread 0x0000018f9fef9990 Unloading class 0x0000000100111c00 'java/lang/invoke/LambdaForm$MH+0x0000000100111c00'
Event: 7203.396 Thread 0x0000018f9fef9990 Unloading class 0x0000000100111800 'java/lang/invoke/LambdaForm$MH+0x0000000100111800'
Event: 7203.396 Thread 0x0000018f9fef9990 Unloading class 0x000000010010e000 'java/lang/invoke/LambdaForm$MH+0x000000010010e000'
Event: 7203.396 Thread 0x0000018f9fef9990 Unloading class 0x000000010010c400 'java/lang/invoke/LambdaForm$MH+0x000000010010c400'
Event: 7203.396 Thread 0x0000018f9fef9990 Unloading class 0x000000010010c000 'java/lang/invoke/LambdaForm$MH+0x000000010010c000'
Event: 7203.396 Thread 0x0000018f9fef9990 Unloading class 0x000000010010a000 'java/lang/invoke/LambdaForm$DMH+0x000000010010a000'
Event: 7203.396 Thread 0x0000018f9fef9990 Unloading class 0x0000000100109800 'java/lang/invoke/LambdaForm$DMH+0x0000000100109800'
Event: 7203.396 Thread 0x0000018f9fef9990 Unloading class 0x0000000100109000 'java/lang/invoke/LambdaForm$DMH+0x0000000100109000'
Event: 7203.396 Thread 0x0000018f9fef9990 Unloading class 0x0000000100107400 'java/lang/invoke/LambdaForm$MH+0x0000000100107400'
Event: 7203.396 Thread 0x0000018f9fef9990 Unloading class 0x0000000100107000 'java/lang/invoke/LambdaForm$MH+0x0000000100107000'
Event: 7203.396 Thread 0x0000018f9fef9990 Unloading class 0x0000000100105000 'java/lang/invoke/LambdaForm$MH+0x0000000100105000'
Event: 7203.396 Thread 0x0000018f9fef9990 Unloading class 0x0000000100104000 'java/lang/invoke/LambdaForm$DMH+0x0000000100104000'
Event: 7203.396 Thread 0x0000018f9fef9990 Unloading class 0x00000001000c4400 'java/lang/invoke/LambdaForm$MH+0x00000001000c4400'

Classes redefined (0 events):
No events

Internal exceptions (20 events):
Event: 4.449 Thread 0x0000018fa0b41c40 Exception <a 'java/lang/NoSuchMethodError'{0x0000000087880968}: 'int java.lang.invoke.DirectMethodHandle$Holder.invokeInterface(java.lang.Object, java.lang.Object)'> (0x0000000087880968) 
thrown [s\src\hotspot\share\interpreter\linkResolver.cpp, line 784]
Event: 4.561 Thread 0x0000018fa0b41c40 Exception <a 'java/lang/NoSuchMethodError'{0x00000000874099a8}: 'int java.lang.invoke.DirectMethodHandle$Holder.invokeInterface(java.lang.Object, java.lang.Object, int)'> (0x00000000874099a8) 
thrown [s\src\hotspot\share\interpreter\linkResolver.cpp, line 784]
Event: 4.562 Thread 0x0000018fa0b41c40 Exception <a 'java/lang/NoSuchMethodError'{0x000000008740db10}: 'int java.lang.invoke.DirectMethodHandle$Holder.invokeSpecial(java.lang.Object, java.lang.Object, java.lang.Object, int)'> (0x000000008740db10) 
thrown [s\src\hotspot\share\interpreter\linkResolver.cpp, line 784]
Event: 4.566 Thread 0x0000018fa0b41c40 Exception <a 'java/lang/NoSuchMethodError'{0x000000008741fdb0}: 'java.lang.Object java.lang.invoke.DirectMethodHandle$Holder.invokeStatic(java.lang.Object, java.lang.Object, java.lang.Object, java.lang.Object, int)'> (0x000000008741fdb0) 
thrown [s\src\hotspot\share\interpreter\linkResolver.cpp, line 784]
Event: 4.604 Thread 0x0000018fa0b41c40 Exception <a 'java/lang/NoSuchMethodError'{0x000000008744b5b0}: 'void java.lang.invoke.DirectMethodHandle$Holder.invokeInterface(java.lang.Object, java.lang.Object, int)'> (0x000000008744b5b0) 
thrown [s\src\hotspot\share\interpreter\linkResolver.cpp, line 784]
Event: 4.604 Thread 0x0000018fa0b41c40 Exception <a 'java/lang/NoSuchMethodError'{0x000000008744f438}: 'void java.lang.invoke.DelegatingMethodHandle$Holder.reinvoke_L(java.lang.Object, java.lang.Object, int)'> (0x000000008744f438) 
thrown [s\src\hotspot\share\interpreter\linkResolver.cpp, line 784]
Event: 4.730 Thread 0x0000018fa0b41c40 Exception <a 'java/lang/NoSuchMethodError'{0x00000000874e9060}: 'void java.lang.invoke.DirectMethodHandle$Holder.invokeInterface(java.lang.Object, java.lang.Object)'> (0x00000000874e9060) 
thrown [s\src\hotspot\share\interpreter\linkResolver.cpp, line 784]
Event: 4.994 Thread 0x0000018fa0b41c40 Exception <a 'java/lang/NoSuchMethodError'{0x0000000087262758}: 'java.lang.Object java.lang.invoke.DirectMethodHandle$Holder.invokeInterface(java.lang.Object, java.lang.Object, int)'> (0x0000000087262758) 
thrown [s\src\hotspot\share\interpreter\linkResolver.cpp, line 784]
Event: 5.162 Thread 0x0000018fa0b41c40 Exception <a 'java/lang/NoSuchMethodError'{0x00000000871197d0}: 'int java.lang.invoke.DirectMethodHandle$Holder.invokeInterface(java.lang.Object, java.lang.Object, int, int)'> (0x00000000871197d0) 
thrown [s\src\hotspot\share\interpreter\linkResolver.cpp, line 784]
Event: 5.163 Thread 0x0000018fa0b41c40 Exception <a 'java/lang/NoSuchMethodError'{0x0000000087120780}: 'int java.lang.invoke.DelegatingMethodHandle$Holder.reinvoke_L(java.lang.Object, java.lang.Object, int, int)'> (0x0000000087120780) 
thrown [s\src\hotspot\share\interpreter\linkResolver.cpp, line 784]
Event: 5.167 Thread 0x0000018fa0b41c40 Exception <a 'java/lang/NoSuchMethodError'{0x00000000871372f8}: static Lcom/intellij/database/remote/jdbc/RemoteResultSet$DataRetrievingOptions;.<clinit>()V> (0x00000000871372f8) 
thrown [s\src\hotspot\share\prims\jni.cpp, line 1126]
Event: 5.173 Thread 0x0000018fa0b41c40 Exception <a 'java/lang/NoSuchMethodError'{0x000000008714c690}: static [Ljava/lang/Object;.<clinit>()V> (0x000000008714c690) 
thrown [s\src\hotspot\share\prims\jni.cpp, line 1126]
Event: 116.947 Thread 0x0000018fa0b41c40 Exception <a 'java/lang/NoSuchMethodError'{0x0000000086efdea8}: static Lcom/intellij/database/remote/jdbc/ColumnInfo;.<clinit>()V> (0x0000000086efdea8) 
thrown [s\src\hotspot\share\prims\jni.cpp, line 1126]
Event: 116.949 Thread 0x0000018fa0b41c40 Exception <a 'java/lang/NoSuchMethodError'{0x0000000086d07bb0}: 'java.lang.Object java.lang.invoke.DelegatingMethodHandle$Holder.reinvoke_L(java.lang.Object, java.lang.Object, java.lang.Object, java.lang.Object, int, int)'> (0x0000000086d07bb0) 
thrown [s\src\hotspot\share\interpreter\linkResolver.cpp, line 784]
Event: 1018.025 Thread 0x0000018fa0b40200 Exception <a 'java/lang/NoSuchMethodError'{0x00000000866bda30}: static Lcom/intellij/database/remote/jdbc/impl/UnparsedValue;.<clinit>()V> (0x00000000866bda30) 
thrown [s\src\hotspot\share\prims\jni.cpp, line 1126]
Event: 10374.672 Thread 0x0000018fa0b40200 Exception <a 'java/lang/NoSuchMethodError'{0x00000000877d4a10}: 'void java.lang.invoke.DelegatingMethodHandle$Holder.reinvoke_L(java.lang.Object, java.lang.Object, int)'> (0x00000000877d4a10) 
thrown [s\src\hotspot\share\interpreter\linkResolver.cpp, line 784]
Event: 10374.909 Thread 0x0000018fa0b40200 Exception <a 'java/lang/NoSuchMethodError'{0x000000008759d170}: 'int java.lang.invoke.DelegatingMethodHandle$Holder.reinvoke_L(java.lang.Object, java.lang.Object, int, int)'> (0x000000008759d170) 
thrown [s\src\hotspot\share\interpreter\linkResolver.cpp, line 784]
Event: 10374.913 Thread 0x0000018fa0b40200 Exception <a 'java/lang/NoSuchMethodError'{0x00000000875b3bf0}: static Lcom/intellij/database/remote/jdbc/RemoteResultSet$DataRetrievingOptions;.<clinit>()V> (0x00000000875b3bf0) 
thrown [s\src\hotspot\share\prims\jni.cpp, line 1126]
Event: 10374.958 Thread 0x0000018fa0b40200 Exception <a 'java/lang/NoSuchMethodError'{0x000000008749e0b0}: static [Ljava/lang/Object;.<clinit>()V> (0x000000008749e0b0) 
thrown [s\src\hotspot\share\prims\jni.cpp, line 1126]
Event: 10374.964 Thread 0x0000018fa0b40200 Exception <a 'java/lang/NoSuchMethodError'{0x00000000874c5e78}: static Lcom/intellij/database/remote/jdbc/impl/UnparsedValue;.<clinit>()V> (0x00000000874c5e78) 
thrown [s\src\hotspot\share\prims\jni.cpp, line 1126]

ZGC Phase Switch (0 events):
No events

VM Operations (20 events):
Event: 10374.767 Executing VM operation: Cleanup
Event: 10374.767 Executing VM operation: Cleanup done
Event: 10375.769 Executing VM operation: Cleanup
Event: 10375.769 Executing VM operation: Cleanup done
Event: 10395.908 Executing VM operation: Cleanup
Event: 10395.908 Executing VM operation: Cleanup done
Event: 10403.112 Executing VM operation: HandshakeAllThreads (HandshakeForDeflation)
Event: 10403.112 Executing VM operation: HandshakeAllThreads (HandshakeForDeflation) done
Event: 10403.112 Executing VM operation: RendezvousGCThreads
Event: 10403.112 Executing VM operation: RendezvousGCThreads done
Event: 10442.423 Executing VM operation: Cleanup
Event: 10442.423 Executing VM operation: Cleanup done
Event: 10463.308 Executing VM operation: HandshakeAllThreads (HandshakeForDeflation)
Event: 10463.308 Executing VM operation: HandshakeAllThreads (HandshakeForDeflation) done
Event: 10463.308 Executing VM operation: RendezvousGCThreads
Event: 10463.308 Executing VM operation: RendezvousGCThreads done
Event: 10803.453 Executing VM operation: G1CollectFull (System.gc())
Event: 10803.491 Executing VM operation: G1CollectFull (System.gc()) done
Event: 11387.195 Executing VM operation: Cleanup
Event: 11387.195 Executing VM operation: Cleanup done

Memory protections (0 events):
No events

Nmethod flushes (20 events):
Event: 10803.477 Thread 0x0000018f9fef9990 flushing  nmethod 0x0000018f8bda4210
Event: 10803.477 Thread 0x0000018f9fef9990 flushing  nmethod 0x0000018f8bda4710
Event: 10803.477 Thread 0x0000018f9fef9990 flushing  nmethod 0x0000018f8bda6490
Event: 10803.477 Thread 0x0000018f9fef9990 flushing  nmethod 0x0000018f8bdb2f10
Event: 10803.477 Thread 0x0000018f9fef9990 flushing  nmethod 0x0000018f8bdb6c90
Event: 10803.477 Thread 0x0000018f9fef9990 flushing  nmethod 0x0000018f8be4e790
Event: 10803.477 Thread 0x0000018f9fef9990 flushing  nmethod 0x0000018f8be57290
Event: 10803.477 Thread 0x0000018f9fef9990 flushing  nmethod 0x0000018f8be57e10
Event: 10803.477 Thread 0x0000018f9fef9990 flushing  nmethod 0x0000018f8be5c790
Event: 10803.477 Thread 0x0000018f9fef9990 flushing  nmethod 0x0000018f8bb1c190
Event: 10803.477 Thread 0x0000018f9fef9990 flushing  nmethod 0x0000018f8bcf3390
Event: 10803.477 Thread 0x0000018f9fef9990 flushing  nmethod 0x0000018f8bd19310
Event: 10803.477 Thread 0x0000018f9fef9990 flushing  nmethod 0x0000018f8bd7c790
Event: 10803.477 Thread 0x0000018f9fef9990 flushing  nmethod 0x0000018f8bd89310
Event: 10803.477 Thread 0x0000018f9fef9990 flushing  nmethod 0x0000018f8bda7d10
Event: 10803.477 Thread 0x0000018f9fef9990 flushing  nmethod 0x0000018f8bdaa410
Event: 10803.477 Thread 0x0000018f9fef9990 flushing  nmethod 0x0000018f8bdab890
Event: 10803.477 Thread 0x0000018f9fef9990 flushing  nmethod 0x0000018f8bdadd90
Event: 10803.477 Thread 0x0000018f9fef9990 flushing  nmethod 0x0000018f8bdb1890
Event: 10803.477 Thread 0x0000018f9fef9990 flushing  nmethod 0x0000018f8beaa590

Events (20 events):
Event: 10437.767 Thread 0x0000018fa0b40200 Thread added: 0x0000018fa0b41c40
Event: 10437.767 Thread 0x0000018fa0b40200 Thread added: 0x0000018fa0b422d0
Event: 10437.767 Thread 0x0000018fa0b40200 Thread added: 0x0000018fa55e3e10
Event: 10437.767 Thread 0x0000018fa0b41c40 Thread exited: 0x0000018fa0b41c40
Event: 10437.767 Thread 0x0000018fa0b40200 Thread added: 0x0000018fa55e4b30
Event: 10437.767 Thread 0x0000018fa0b40200 Thread added: 0x0000018fa55e51c0
Event: 10437.767 Thread 0x0000018fa0b40200 Thread added: 0x0000018fa55e30f0
Event: 10437.767 Thread 0x0000018fa0b40200 Thread added: 0x0000018fa55e44a0
Event: 10437.767 Thread 0x0000018fa0b40200 Thread added: 0x0000018fa55e5850
Event: 10437.767 Thread 0x0000018fa0b415b0 Thread exited: 0x0000018fa0b415b0
Event: 10437.767 Thread 0x0000018fa55e4b30 Thread exited: 0x0000018fa55e4b30
Event: 10437.767 Thread 0x0000018fa0b40f20 Thread exited: 0x0000018fa0b40f20
Event: 10437.767 Thread 0x0000018fa0b3ee50 Thread exited: 0x0000018fa0b3ee50
Event: 10437.767 Thread 0x0000018fa0b422d0 Thread exited: 0x0000018fa0b422d0
Event: 10437.768 Thread 0x0000018fa0b40890 Thread exited: 0x0000018fa0b40890
Event: 10437.768 Thread 0x0000018fa55e3e10 Thread exited: 0x0000018fa55e3e10
Event: 10437.768 Thread 0x0000018fa55e51c0 Thread exited: 0x0000018fa55e51c0
Event: 10437.768 Thread 0x0000018fa55e30f0 Thread exited: 0x0000018fa55e30f0
Event: 10437.768 Thread 0x0000018fa55e44a0 Thread exited: 0x0000018fa55e44a0
Event: 10437.768 Thread 0x0000018fa55e5850 Thread exited: 0x0000018fa55e5850


Dynamic libraries:
0x00007ff7892d0000 - 0x00007ff7892da000 	D:\Programms\PhpStorm 2024.2.3\jbr\bin\java.exe
0x00007ffd8cd60000 - 0x00007ffd8cfc0000 	C:\WINDOWS\SYSTEM32\ntdll.dll
0x00007ffd8b6d0000 - 0x00007ffd8b797000 	C:\WINDOWS\System32\KERNEL32.DLL
0x00007ffd8a280000 - 0x00007ffd8a64a000 	C:\WINDOWS\System32\KERNELBASE.dll
0x00007ffd8a680000 - 0x00007ffd8a7cb000 	C:\WINDOWS\System32\ucrtbase.dll
0x00007ffd79880000 - 0x00007ffd7989b000 	D:\Programms\PhpStorm 2024.2.3\jbr\bin\VCRUNTIME140.dll
0x00007ffd79120000 - 0x00007ffd79138000 	D:\Programms\PhpStorm 2024.2.3\jbr\bin\jli.dll
0x00007ffd8b360000 - 0x00007ffd8b52c000 	C:\WINDOWS\System32\USER32.dll
0x00007ffd8a650000 - 0x00007ffd8a677000 	C:\WINDOWS\System32\win32u.dll
0x00007ffd75530000 - 0x00007ffd757c7000 	C:\WINDOWS\WinSxS\amd64_microsoft.windows.common-controls_6595b64144ccf1df_6.0.26100.3624_none_3e086962e3345f24\COMCTL32.dll
0x00007ffd8b330000 - 0x00007ffd8b35a000 	C:\WINDOWS\System32\GDI32.dll
0x00007ffd8b540000 - 0x00007ffd8b5e9000 	C:\WINDOWS\System32\msvcrt.dll
0x00007ffd89ff0000 - 0x00007ffd8a121000 	C:\WINDOWS\System32\gdi32full.dll
0x00007ffd89f40000 - 0x00007ffd89fe3000 	C:\WINDOWS\System32\msvcp_win.dll
0x00007ffd8c5b0000 - 0x00007ffd8c5df000 	C:\WINDOWS\System32\IMM32.DLL
0x00007ffd79870000 - 0x00007ffd7987c000 	D:\Programms\PhpStorm 2024.2.3\jbr\bin\vcruntime140_1.dll
0x00007ffd56720000 - 0x00007ffd567ad000 	D:\Programms\PhpStorm 2024.2.3\jbr\bin\msvcp140.dll
0x00007ffd38380000 - 0x00007ffd39137000 	D:\Programms\PhpStorm 2024.2.3\jbr\bin\server\jvm.dll
0x00007ffd8b7a0000 - 0x00007ffd8b852000 	C:\WINDOWS\System32\ADVAPI32.dll
0x00007ffd8adf0000 - 0x00007ffd8ae96000 	C:\WINDOWS\System32\sechost.dll
0x00007ffd8c370000 - 0x00007ffd8c486000 	C:\WINDOWS\System32\RPCRT4.dll
0x00007ffd8c000000 - 0x00007ffd8c074000 	C:\WINDOWS\System32\WS2_32.dll
0x00007ffd89700000 - 0x00007ffd8975e000 	C:\WINDOWS\SYSTEM32\POWRPROF.dll
0x00007ffd75810000 - 0x00007ffd75846000 	C:\WINDOWS\SYSTEM32\WINMM.dll
0x00007ffd83630000 - 0x00007ffd8363b000 	C:\WINDOWS\SYSTEM32\VERSION.dll
0x00007ffd896e0000 - 0x00007ffd896f4000 	C:\WINDOWS\SYSTEM32\UMPDC.dll
0x00007ffd88d20000 - 0x00007ffd88d3a000 	C:\WINDOWS\SYSTEM32\kernel.appcore.dll
0x00007ffd79150000 - 0x00007ffd7915a000 	D:\Programms\PhpStorm 2024.2.3\jbr\bin\jimage.dll
0x00007ffd75850000 - 0x00007ffd75a91000 	C:\WINDOWS\SYSTEM32\DBGHELP.DLL
0x00007ffd8bc70000 - 0x00007ffd8bff2000 	C:\WINDOWS\System32\combase.dll
0x00007ffd8b5f0000 - 0x00007ffd8b6c6000 	C:\WINDOWS\System32\OLEAUT32.dll
0x00007ffd58d00000 - 0x00007ffd58d39000 	C:\WINDOWS\SYSTEM32\dbgcore.DLL
0x00007ffd8a7d0000 - 0x00007ffd8a869000 	C:\WINDOWS\System32\bcryptPrimitives.dll
0x00007ffd790d0000 - 0x00007ffd790ef000 	D:\Programms\PhpStorm 2024.2.3\jbr\bin\java.dll
0x00007ffd6f6b0000 - 0x00007ffd6f6c8000 	D:\Programms\PhpStorm 2024.2.3\jbr\bin\zip.dll
0x00007ffd8c5f0000 - 0x00007ffd8cd19000 	C:\WINDOWS\System32\SHELL32.dll
0x00007ffd8a870000 - 0x00007ffd8a9d8000 	C:\WINDOWS\System32\wintypes.dll
0x00007ffd87bc0000 - 0x00007ffd88412000 	C:\WINDOWS\SYSTEM32\windows.storage.dll
0x00007ffd8c4a0000 - 0x00007ffd8c58d000 	C:\WINDOWS\System32\SHCORE.dll
0x00007ffd8c300000 - 0x00007ffd8c364000 	C:\WINDOWS\System32\shlwapi.dll
0x00007ffd89e50000 - 0x00007ffd89e7f000 	C:\WINDOWS\SYSTEM32\profapi.dll
0x00007ffd79110000 - 0x00007ffd79120000 	D:\Programms\PhpStorm 2024.2.3\jbr\bin\net.dll
0x00007ffd82870000 - 0x00007ffd8298d000 	C:\WINDOWS\SYSTEM32\WINHTTP.dll
0x00007ffd89250000 - 0x00007ffd892ba000 	C:\WINDOWS\system32\mswsock.dll
0x00007ffd691b0000 - 0x00007ffd691c6000 	D:\Programms\PhpStorm 2024.2.3\jbr\bin\nio.dll
0x00007ffd88720000 - 0x00007ffd88753000 	C:\WINDOWS\SYSTEM32\IPHLPAPI.DLL
0x00007ffd8c490000 - 0x00007ffd8c49a000 	C:\WINDOWS\System32\NSI.dll
0x00007ffd89510000 - 0x00007ffd8952c000 	C:\WINDOWS\SYSTEM32\CRYPTSP.dll
0x00007ffd88c80000 - 0x00007ffd88cba000 	C:\WINDOWS\system32\rsaenh.dll
0x00007ffd892f0000 - 0x00007ffd8931b000 	C:\WINDOWS\SYSTEM32\USERENV.dll
0x00007ffd89e20000 - 0x00007ffd89e46000 	C:\WINDOWS\SYSTEM32\bcrypt.dll
0x00007ffd89530000 - 0x00007ffd8953c000 	C:\WINDOWS\SYSTEM32\CRYPTBASE.dll
0x00007ffd5a500000 - 0x00007ffd5a509000 	D:\Programms\PhpStorm 2024.2.3\jbr\bin\extnet.dll
0x00007ffd86f00000 - 0x00007ffd86f07000 	D:\Programms\PhpStorm 2024.2.3\jbr\bin\rmi.dll
0x00007ffd5ab50000 - 0x00007ffd5ab5e000 	D:\Programms\PhpStorm 2024.2.3\jbr\bin\sunmscapi.dll
0x00007ffd8a9e0000 - 0x00007ffd8ab57000 	C:\WINDOWS\System32\CRYPT32.dll
0x00007ffd89830000 - 0x00007ffd89860000 	C:\WINDOWS\SYSTEM32\ncrypt.dll
0x00007ffd897e0000 - 0x00007ffd8981f000 	C:\WINDOWS\SYSTEM32\NTASN1.dll

dbghelp: loaded successfully - version: 4.0.5 - missing functions: none
symbol engine: initialized successfully - sym options: 0x614 - pdb path: .;D:\Programms\PhpStorm 2024.2.3\jbr\bin;C:\WINDOWS\SYSTEM32;C:\WINDOWS\WinSxS\amd64_microsoft.windows.common-controls_6595b64144ccf1df_6.0.26100.3624_none_3e086962e3345f24;D:\Programms\PhpStorm 2024.2.3\jbr\bin\server

VM Arguments:
jvm_args: -Djava.rmi.server.hostname=127.0.0.1 -Duser.timezone=UTC -Xmx2048m -Xms128m -Djdbc.classpath=C:\Users\KirH\AppData\Local\Temp\RemoteDriver2.classpath.txt --add-exports=java.desktop/sun.awt=ALL-UNNAMED --add-exports=java.desktop/java.awt.peer=ALL-UNNAMED --add-opens=java.desktop/java.awt=ALL-UNNAMED --add-opens=jdk.unsupported/sun.misc=ALL-UNNAMED --add-opens=java.base/java.nio=ALL-UNNAMED --add-opens=java.base/java.util=ALL-UNNAMED -Dfile.encoding=UTF-8 -Dsun.stdout.encoding=UTF-8 -Dsun.stderr.encoding=UTF-8 
java_command: com.intellij.database.remote.RemoteJdbcServer com.mysql.cj.jdbc.Driver
java_class_path (initial): D:\Programms\PhpStorm 2024.2.3\lib\util_rt.jar;D:\Programms\PhpStorm 2024.2.3\lib\util-8.jar;D:\Programms\PhpStorm 2024.2.3\lib\groovy.jar;D:\Programms\PhpStorm 2024.2.3\plugins\DatabaseTools\lib\jdbc-console.jar;D:\Programms\PhpStorm 2024.2.3\plugins\grid-core-impl\lib\jdbc-console-types.jar;D:\Programms\PhpStorm 2024.2.3\lib\util.jar;D:\Programms\PhpStorm 2024.2.3\lib\bouncy-castle.jar
Launcher Type: SUN_STANDARD

[Global flags]
     intx CICompilerCount                          = 4                                         {product} {ergonomic}
     uint ConcGCThreads                            = 2                                         {product} {ergonomic}
     uint G1ConcRefinementThreads                  = 8                                         {product} {ergonomic}
   size_t G1HeapRegionSize                         = 1048576                                   {product} {ergonomic}
    uintx GCDrainStackTargetSize                   = 64                                        {product} {ergonomic}
   size_t InitialHeapSize                          = 134217728                                 {product} {command line}
   size_t MarkStackSize                            = 4194304                                   {product} {ergonomic}
   size_t MaxHeapSize                              = 2147483648                                {product} {command line}
   size_t MaxNewSize                               = 1287651328                                {product} {ergonomic}
   size_t MinHeapDeltaBytes                        = 1048576                                   {product} {ergonomic}
   size_t MinHeapSize                              = 134217728                                 {product} {command line}
    uintx NonNMethodCodeHeapSize                   = 5839372                                {pd product} {ergonomic}
    uintx NonProfiledCodeHeapSize                  = 122909434                              {pd product} {ergonomic}
    uintx ProfiledCodeHeapSize                     = 122909434                              {pd product} {ergonomic}
    uintx ReservedCodeCacheSize                    = 251658240                              {pd product} {ergonomic}
     bool SegmentedCodeCache                       = true                                      {product} {ergonomic}
   size_t SoftMaxHeapSize                          = 2147483648                             {manageable} {ergonomic}
     bool UseCompressedOops                        = true                           {product lp64_product} {ergonomic}
     bool UseG1GC                                  = true                                      {product} {ergonomic}
     bool UseLargePagesIndividualAllocation        = false                                  {pd product} {ergonomic}

Logging:
Log output configuration:
 #0: stdout all=warning uptime,level,tags foldmultilines=false
 #1: stderr all=off uptime,level,tags foldmultilines=false

Environment Variables:
PATH=C:\Python313\Scripts\;C:\Python313\;C:\WINDOWS\system32;C:\WINDOWS;C:\WINDOWS\System32\Wbem;C:\WINDOWS\System32\WindowsPowerShell\v1.0\;C:\WINDOWS\System32\OpenSSH\;C:\php;C:\ProgramData\ComposerSetup\bin;C:\ProgramData\chocolatey\bin;C:\Program Files\nodejs\;D:\Programms\Git\cmd;D:\Programms\PuTTY\;D:\OSPanel\bin;C:\Users\KirH\AppData\Local\Microsoft\WindowsApps;C:\Users\KirH\AppData\Roaming\Composer\vendor\bin;C:\Users\KirH\AppData\Local\Microsoft\WinGet\Packages\Schniz.fnm_Microsoft.Winget.Source_8wekyb3d8bbwe;C:\Users\KirH\AppData\Roaming\npm;C:\Users\KirH\AppData\Local\GitHubDesktop\bin;D:\Programms\PhpStorm 2024.2.3\bin;
USERNAME=KirH
OS=Windows_NT
PROCESSOR_IDENTIFIER=Intel64 Family 6 Model 142 Stepping 12, GenuineIntel
TMP=C:\Users\KirH\AppData\Local\Temp
TEMP=C:\Users\KirH\AppData\Local\Temp




Periodic native trim disabled

JNI global refs:
JNI global refs: 18, weak refs: 0

JNI global refs memory usage: 835, weak refs: 201

Process memory usage:
Resident Set Size: 75224K (0% of 16642996K total physical memory with 2484708K free physical memory)

OOME stack traces (most recent first):
Classloader memory used:
Loader bootstrap                                                                       : 21762K
Loader jdk.internal.loader.ClassLoaders$AppClassLoader                                 : 3078K
Loader com.intellij.database.remote.jdbc.impl.JdbcClassLoader$JdbcClassLoaderImpl      : 2821K
Loader jdk.internal.loader.ClassLoaders$PlatformClassLoader                            : 792K
Loader jdk.internal.reflect.DelegatingClassLoader                                      : 92784B
Loader com.intellij.database.remote.jdbc.impl.JdbcClassLoader$1                        : 6920B

---------------  S Y S T E M  ---------------

OS:
 Windows 11 , 64 bit Build 26100 (10.0.26100.3775)
OS uptime: 0 days 4:29 hours
Hyper-V role detected

CPU: total 8 (initial active 8) (4 cores per cpu, 2 threads per core) family 6 model 142 stepping 12 microcode 0xde, cx8, cmov, fxsr, ht, mmx, 3dnowpref, sse, sse2, sse3, ssse3, sse4.1, sse4.2, popcnt, lzcnt, tsc, tscinvbit, avx, avx2, aes, erms, clmul, bmi1, bmi2, adx, fma, vzeroupper, clflush, clflushopt, hv, rdtscp, f16c
Processor Information for all 8 processors :
  Max Mhz: 2301, Current Mhz: 2000, Mhz Limit: 1978

Memory: 4k page, system-wide physical 16252M (2424M free)
TotalPageFile size 34916M (AvailPageFile size 3M)
current process WorkingSet (physical memory assigned to process): 77M, peak: 140M
current process commit charge ("private bytes"): 245M, peak: 270M

vm_info: OpenJDK 64-Bit Server VM (21.0.4+13-b509.17) for windows-amd64 JRE (21.0.4+13-b509.17), built on 2024-09-04 by "builduser" with MS VC++ 16.10 / 16.11 (VS2019)

END.
